mode: set
github.com/qiaopengjun5162/ethertrace/go/ethertrace/client.go:34.54,37.18 1 1
github.com/qiaopengjun5162/ethertrace/go/ethertrace/client.go:37.18,40.3 2 1
github.com/qiaopengjun5162/ethertrace/go/ethertrace/client.go:43.2,44.16 2 1
github.com/qiaopengjun5162/ethertrace/go/ethertrace/client.go:44.16,47.3 2 1
github.com/qiaopengjun5162/ethertrace/go/ethertrace/client.go:48.2,48.40 1 1
github.com/qiaopengjun5162/ethertrace/go/ethertrace/client.go:52.80,55.16 3 1
github.com/qiaopengjun5162/ethertrace/go/ethertrace/client.go:55.16,58.3 2 1
github.com/qiaopengjun5162/ethertrace/go/ethertrace/client.go:59.2,59.21 1 1
github.com/qiaopengjun5162/ethertrace/go/ethertrace/client.go:63.111,72.16 5 1
github.com/qiaopengjun5162/ethertrace/go/ethertrace/client.go:72.16,75.3 2 1
github.com/qiaopengjun5162/ethertrace/go/ethertrace/client.go:77.2,78.22 2 1
github.com/qiaopengjun5162/ethertrace/go/ethertrace/client.go:78.22,80.3 1 1
github.com/qiaopengjun5162/ethertrace/go/ethertrace/client.go:81.2,81.21 1 1
github.com/qiaopengjun5162/ethertrace/go/ethertrace/client.go:85.30,87.2 1 1
github.com/qiaopengjun5162/ethertrace/go/ethertrace/event_parser.go:28.64,30.24 1 1
github.com/qiaopengjun5162/ethertrace/go/ethertrace/event_parser.go:30.24,32.3 1 1
github.com/qiaopengjun5162/ethertrace/go/ethertrace/event_parser.go:33.2,33.71 1 1
github.com/qiaopengjun5162/ethertrace/go/ethertrace/event_parser.go:33.71,35.3 1 1
github.com/qiaopengjun5162/ethertrace/go/ethertrace/event_parser.go:36.2,37.64 2 1
github.com/qiaopengjun5162/ethertrace/go/ethertrace/event_parser.go:37.64,39.3 1 1
github.com/qiaopengjun5162/ethertrace/go/ethertrace/event_parser.go:42.2,63.8 5 1
github.com/qiaopengjun5162/ethertrace/go/ethertrace/event_parser.go:67.48,69.2 1 1
github.com/qiaopengjun5162/ethertrace/go/ethertrace/event_parser.go:72.85,75.25 2 1
github.com/qiaopengjun5162/ethertrace/go/ethertrace/event_parser.go:75.25,77.71 1 1
github.com/qiaopengjun5162/ethertrace/go/ethertrace/event_parser.go:77.71,78.12 1 1
github.com/qiaopengjun5162/ethertrace/go/ethertrace/event_parser.go:80.3,80.56 1 1
github.com/qiaopengjun5162/ethertrace/go/ethertrace/event_parser.go:80.56,81.12 1 1
github.com/qiaopengjun5162/ethertrace/go/ethertrace/event_parser.go:85.3,86.68 2 1
github.com/qiaopengjun5162/ethertrace/go/ethertrace/event_parser.go:86.68,88.12 2 1
github.com/qiaopengjun5162/ethertrace/go/ethertrace/event_parser.go:92.3,108.5 3 1
github.com/qiaopengjun5162/ethertrace/go/ethertrace/event_parser.go:111.2,111.21 1 1
